manifest should match snapshot:
  1: |
    apiVersion: rbac.authorization.k8s.io/v1
    kind: ClusterRole
    metadata:
      labels: null
      name: steadybit-extension-kubernetes
    rules:
      - apiGroups:
          - ""
        resources:
          - pods/eviction
        verbs:
          - create
      - apiGroups:
          - ""
        resources:
          - nodes
        verbs:
          - patch
      - apiGroups:
          - networking.k8s.io
        resources:
          - ingresses
        verbs:
          - get
          - list
          - watch
          - update
          - patch
      - apiGroups:
          - networking.k8s.io
        resources:
          - ingressclasses
        verbs:
          - get
          - list
          - watch
      - apiGroups:
          - apps
        resources:
          - deployments
          - replicasets
          - daemonsets
          - statefulsets
        verbs:
          - get
          - list
          - watch
      - apiGroups:
          - ""
        resources:
          - services
          - pods
          - nodes
          - events
          - namespaces
        verbs:
          - get
          - list
          - watch
      - apiGroups:
          - autoscaling
        resources:
          - horizontalpodautoscalers
        verbs:
          - get
          - list
          - watch
      - apiGroups:
          - apps
        resources:
          - deployments
        verbs:
          - patch
      - apiGroups:
          - apps
        resources:
          - deployments/scale
        verbs:
          - get
          - update
          - patch
      - apiGroups:
          - apps
        resources:
          - statefulsets/scale
        verbs:
          - get
          - update
          - patch
      - apiGroups:
          - ""
        resources:
          - pods
        verbs:
          - delete
      - apiGroups:
          - ""
        resources:
          - pods/exec
        verbs:
          - create
manifest should match snapshot with some disabled features:
  1: |
    apiVersion: rbac.authorization.k8s.io/v1
    kind: ClusterRole
    metadata:
      labels: null
      name: steadybit-extension-kubernetes
    rules:
      - apiGroups:
          - apps
        resources:
          - deployments
          - replicasets
          - daemonsets
          - statefulsets
        verbs:
          - get
          - list
          - watch
      - apiGroups:
          - ""
        resources:
          - services
          - pods
          - nodes
          - events
          - namespaces
        verbs:
          - get
          - list
          - watch
      - apiGroups:
          - autoscaling
        resources:
          - horizontalpodautoscalers
        verbs:
          - get
          - list
          - watch
      - apiGroups:
          - apps
        resources:
          - replicasets/scale
        verbs:
          - get
          - update
          - patch
